
> dashboard-agente-disparos@1.0.0 build
> vite build

[36mvite v5.4.21 [32mbuilding for production...[36m[39m
transforming...
[32m✓[39m 5 modules transformed.
[31mx[39m Build failed in 903ms
[31merror during build:
[31m[vite]: Rollup failed to resolve import "recharts" from "C:/Users/mateu/Documents/work/orbital-ia/sistemas/dashboard-agente_disparos/src/App.jsx".
This is most likely unintended because it can break your application at runtime.
If you do want to externalize this module explicitly add it to
`build.rollupOptions.external`[31m
    at viteWarn (file:///C:/Users/mateu/Documents/work/orbital-ia/sistemas/dashboard-agente_disparos/node_modules/vite/dist/node/chunks/dep-BK3b2jBa.js:65855:17)
    at onwarn (file:///C:/Users/mateu/Documents/work/orbital-ia/sistemas/dashboard-agente_disparos/node_modules/@vitejs/plugin-react/dist/index.js:90:7)
    at onRollupWarning (file:///C:/Users/mateu/Documents/work/orbital-ia/sistemas/dashboard-agente_disparos/node_modules/vite/dist/node/chunks/dep-BK3b2jBa.js:65885:5)
    at onwarn (file:///C:/Users/mateu/Documents/work/orbital-ia/sistemas/dashboard-agente_disparos/node_modules/vite/dist/node/chunks/dep-BK3b2jBa.js:65550:7)
    at file:///C:/Users/mateu/Documents/work/orbital-ia/sistemas/dashboard-agente_disparos/node_modules/rollup/dist/es/shared/node-entry.js:20995:13
    at Object.logger [as onLog] (file:///C:/Users/mateu/Documents/work/orbital-ia/sistemas/dashboard-agente_disparos/node_modules/rollup/dist/es/shared/node-entry.js:22968:9)
    at ModuleLoader.handleInvalidResolvedId (file:///C:/Users/mateu/Documents/work/orbital-ia/sistemas/dashboard-agente_disparos/node_modules/rollup/dist/es/shared/node-entry.js:21712:26)
    at file:///C:/Users/mateu/Documents/work/orbital-ia/sistemas/dashboard-agente_disparos/node_modules/rollup/dist/es/shared/node-entry.js:21670:26[39m
